Meine E-Mail Adresse lautet Email 1.
Sie ist in XXXXXXXXXXX registriert.
