<!DOCTYPE html>

<html lang="de">
  <head>
    <title>Test</title>
    <meta charset="utf-8" />
  </head>
  <body class="no-js foo">
    <div>Meine E-Mail Adresse lautet Email 1.</div>
    <div>Sie ist in XXXXXXXXXXX registriert.</div>
  </body>
</html>
